------------------------------------------------------------
Timing Analyzer Summary
------------------------------------------------------------

Type  : Slow 1200mV 85C Model Setup 'RSTL_I'
Slack : -66.485
TNS   : -2035.397

Type  : Slow 1200mV 85C Model Setup 'CLK_I'
Slack : -65.527
TNS   : -5913.900

Type  : Slow 1200mV 85C Model Hold 'CLK_I'
Slack : 0.429
TNS   : 0.000

Type  : Slow 1200mV 85C Model Hold 'RSTL_I'
Slack : 3.253
TNS   : 0.000

Type  : Slow 1200mV 85C Model Recovery 'CLK_I'
Slack : -0.431
TNS   : -30.942

Type  : Slow 1200mV 85C Model Removal 'CLK_I'
Slack : -0.105
TNS   : -30.875

Type  : Slow 1200mV 85C Model Minimum Pulse Width 'CLK_I'
Slack : -4.000
TNS   : -926.820

Type  : Slow 1200mV 85C Model Minimum Pulse Width 'RSTL_I'
Slack : -3.000
TNS   : -3.000

Type  : Slow 1200mV 0C Model Setup 'RSTL_I'
Slack : -62.309
TNS   : -1909.081

Type  : Slow 1200mV 0C Model Setup 'CLK_I'
Slack : -61.438
TNS   : -5525.173

Type  : Slow 1200mV 0C Model Hold 'CLK_I'
Slack : 0.381
TNS   : 0.000

Type  : Slow 1200mV 0C Model Hold 'RSTL_I'
Slack : 2.888
TNS   : 0.000

Type  : Slow 1200mV 0C Model Recovery 'CLK_I'
Slack : -0.348
TNS   : -25.056

Type  : Slow 1200mV 0C Model Removal 'CLK_I'
Slack : -0.103
TNS   : -30.121

Type  : Slow 1200mV 0C Model Minimum Pulse Width 'CLK_I'
Slack : -4.000
TNS   : -924.552

Type  : Slow 1200mV 0C Model Minimum Pulse Width 'RSTL_I'
Slack : -3.000
TNS   : -3.000

Type  : Fast 1200mV 0C Model Setup 'RSTL_I'
Slack : -28.103
TNS   : -860.654

Type  : Fast 1200mV 0C Model Setup 'CLK_I'
Slack : -27.672
TNS   : -2289.490

Type  : Fast 1200mV 0C Model Hold 'CLK_I'
Slack : 0.129
TNS   : 0.000

Type  : Fast 1200mV 0C Model Hold 'RSTL_I'
Slack : 1.365
TNS   : 0.000

Type  : Fast 1200mV 0C Model Recovery 'CLK_I'
Slack : -0.290
TNS   : -49.086

Type  : Fast 1200mV 0C Model Removal 'CLK_I'
Slack : -0.068
TNS   : -19.951

Type  : Fast 1200mV 0C Model Minimum Pulse Width 'CLK_I'
Slack : -3.000
TNS   : -535.302

Type  : Fast 1200mV 0C Model Minimum Pulse Width 'RSTL_I'
Slack : -3.000
TNS   : -3.000

------------------------------------------------------------
