Analysis & Synthesis report for fp32_uart_rx_tx
Sun Oct 16 03:45:59 2022
Quartus Prime Version 20.1.1 Build 720 11/11/2020 SJ Lite Edition


---------------------
; Table of Contents ;
---------------------
  1. Legal Notice
  2. Analysis & Synthesis Summary
  3. Analysis & Synthesis Settings
  4. Parallel Compilation
  5. Analysis & Synthesis Source Files Read
  6. Analysis & Synthesis Resource Usage Summary
  7. Analysis & Synthesis Resource Utilization by Entity
  8. State Machine - |fp32_uart_rx_tx|fp32_uart_tx:My_UART_Tx|tx_state
  9. State Machine - |fp32_uart_rx_tx|fp32_uart_rx:My_UART_Rx|rx_state
 10. Registers Removed During Synthesis
 11. General Register Statistics
 12. Multiplexer Restructuring Statistics (Restructuring Performed)
 13. Parameter Settings for User Entity Instance: fp32_uart_tx:My_UART_Tx
 14. Port Connectivity Checks: "fp32_uart_rx:My_UART_Rx"
 15. Post-Synthesis Netlist Statistics for Top Partition
 16. Elapsed Time Per Partition
 17. Analysis & Synthesis Messages



----------------
; Legal Notice ;
----------------
Copyright (C) 2020  Intel Corporation. All rights reserved.
Your use of Intel Corporation's design tools, logic functions 
and other software and tools, and any partner logic 
functions, and any output files from any of the foregoing 
(including device programming or simulation files), and any 
associated documentation or information are expressly subject 
to the terms and conditions of the Intel Program License 
Subscription Agreement, the Intel Quartus Prime License Agreement,
the Intel FPGA IP License Agreement, or other applicable license
agreement, including, without limitation, that your use is for
the sole purpose of programming logic devices manufactured by
Intel and sold by Intel or its authorized distributors.  Please
refer to the applicable agreement for further details, at
https://fpgasoftware.intel.com/eula.



+----------------------------------------------------------------------------------+
; Analysis & Synthesis Summary                                                     ;
+------------------------------------+---------------------------------------------+
; Analysis & Synthesis Status        ; Successful - Sun Oct 16 03:45:59 2022       ;
; Quartus Prime Version              ; 20.1.1 Build 720 11/11/2020 SJ Lite Edition ;
; Revision Name                      ; fp32_uart_rx_tx                             ;
; Top-level Entity Name              ; fp32_uart_rx_tx                             ;
; Family                             ; Cyclone IV E                                ;
; Total logic elements               ; 171                                         ;
;     Total combinational functions  ; 130                                         ;
;     Dedicated logic registers      ; 122                                         ;
; Total registers                    ; 122                                         ;
; Total pins                         ; 4                                           ;
; Total virtual pins                 ; 0                                           ;
; Total memory bits                  ; 0                                           ;
; Embedded Multiplier 9-bit elements ; 0                                           ;
; Total PLLs                         ; 0                                           ;
+------------------------------------+---------------------------------------------+


+------------------------------------------------------------------------------------------------------------+
; Analysis & Synthesis Settings                                                                              ;
+------------------------------------------------------------------+--------------------+--------------------+
; Option                                                           ; Setting            ; Default Value      ;
+------------------------------------------------------------------+--------------------+--------------------+
; Device                                                           ; EP4CE6E22C8        ;                    ;
; Top-level entity name                                            ; fp32_uart_rx_tx    ; fp32_uart_rx_tx    ;
; Family name                                                      ; Cyclone IV E       ; Cyclone V          ;
; Use smart compilation                                            ; Off                ; Off                ;
; Enable parallel Assembler and Timing Analyzer during compilation ; On                 ; On                 ;
; Enable compact report table                                      ; Off                ; Off                ;
; Restructure Multiplexers                                         ; Auto               ; Auto               ;
; Create Debugging Nodes for IP Cores                              ; Off                ; Off                ;
; Preserve fewer node names                                        ; On                 ; On                 ;
; Intel FPGA IP Evaluation Mode                                    ; Enable             ; Enable             ;
; Verilog Version                                                  ; Verilog_2001       ; Verilog_2001       ;
; VHDL Version                                                     ; VHDL_1993          ; VHDL_1993          ;
; State Machine Processing                                         ; Auto               ; Auto               ;
; Safe State Machine                                               ; Off                ; Off                ;
; Extract Verilog State Machines                                   ; On                 ; On                 ;
; Extract VHDL State Machines                                      ; On                 ; On                 ;
; Ignore Verilog initial constructs                                ; Off                ; Off                ;
; Iteration limit for constant Verilog loops                       ; 5000               ; 5000               ;
; Iteration limit for non-constant Verilog loops                   ; 250                ; 250                ;
; Add Pass-Through Logic to Inferred RAMs                          ; On                 ; On                 ;
; Infer RAMs from Raw Logic                                        ; On                 ; On                 ;
; Parallel Synthesis                                               ; On                 ; On                 ;
; DSP Block Balancing                                              ; Auto               ; Auto               ;
; NOT Gate Push-Back                                               ; On                 ; On                 ;
; Power-Up Don't Care                                              ; On                 ; On                 ;
; Remove Redundant Logic Cells                                     ; Off                ; Off                ;
; Remove Duplicate Registers                                       ; On                 ; On                 ;
; Ignore CARRY Buffers                                             ; Off                ; Off                ;
; Ignore CASCADE Buffers                                           ; Off                ; Off                ;
; Ignore GLOBAL Buffers                                            ; Off                ; Off                ;
; Ignore ROW GLOBAL Buffers                                        ; Off                ; Off                ;
; Ignore LCELL Buffers                                             ; Off                ; Off                ;
; Ignore SOFT Buffers                                              ; On                 ; On                 ;
; Limit AHDL Integers to 32 Bits                                   ; Off                ; Off                ;
; Optimization Technique                                           ; Balanced           ; Balanced           ;
; Carry Chain Length                                               ; 70                 ; 70                 ;
; Auto Carry Chains                                                ; On                 ; On                 ;
; Auto Open-Drain Pins                                             ; On                 ; On                 ;
; Perform WYSIWYG Primitive Resynthesis                            ; Off                ; Off                ;
; Auto ROM Replacement                                             ; On                 ; On                 ;
; Auto RAM Replacement                                             ; On                 ; On                 ;
; Auto DSP Block Replacement                                       ; On                 ; On                 ;
; Auto Shift Register Replacement                                  ; Auto               ; Auto               ;
; Allow Shift Register Merging across Hierarchies                  ; Auto               ; Auto               ;
; Auto Clock Enable Replacement                                    ; On                 ; On                 ;
; Strict RAM Replacement                                           ; Off                ; Off                ;
; Allow Synchronous Control Signals                                ; On                 ; On                 ;
; Force Use of Synchronous Clear Signals                           ; Off                ; Off                ;
; Auto RAM Block Balancing                                         ; On                 ; On                 ;
; Auto RAM to Logic Cell Conversion                                ; Off                ; Off                ;
; Auto Resource Sharing                                            ; Off                ; Off                ;
; Allow Any RAM Size For Recognition                               ; Off                ; Off                ;
; Allow Any ROM Size For Recognition                               ; Off                ; Off                ;
; Allow Any Shift Register Size For Recognition                    ; Off                ; Off                ;
; Use LogicLock Constraints during Resource Balancing              ; On                 ; On                 ;
; Ignore translate_off and synthesis_off directives                ; Off                ; Off                ;
; Timing-Driven Synthesis                                          ; On                 ; On                 ;
; Report Parameter Settings                                        ; On                 ; On                 ;
; Report Source Assignments                                        ; On                 ; On                 ;
; Report Connectivity Checks                                       ; On                 ; On                 ;
; Ignore Maximum Fan-Out Assignments                               ; Off                ; Off                ;
; Synchronization Register Chain Length                            ; 2                  ; 2                  ;
; Power Optimization During Synthesis                              ; Normal compilation ; Normal compilation ;
; HDL message level                                                ; Level2             ; Level2             ;
; Suppress Register Optimization Related Messages                  ; Off                ; Off                ;
; Number of Removed Registers Reported in Synthesis Report         ; 5000               ; 5000               ;
; Number of Swept Nodes Reported in Synthesis Report               ; 5000               ; 5000               ;
; Number of Inverted Registers Reported in Synthesis Report        ; 100                ; 100                ;
; Clock MUX Protection                                             ; On                 ; On                 ;
; Auto Gated Clock Conversion                                      ; Off                ; Off                ;
; Block Design Naming                                              ; Auto               ; Auto               ;
; SDC constraint protection                                        ; Off                ; Off                ;
; Synthesis Effort                                                 ; Auto               ; Auto               ;
; Shift Register Replacement - Allow Asynchronous Clear Signal     ; On                 ; On                 ;
; Pre-Mapping Resynthesis Optimization                             ; Off                ; Off                ;
; Analysis & Synthesis Message Level                               ; Medium             ; Medium             ;
; Disable Register Merging Across Hierarchies                      ; Auto               ; Auto               ;
; Resource Aware Inference For Block RAM                           ; On                 ; On                 ;
+------------------------------------------------------------------+--------------------+--------------------+


+------------------------------------------+
; Parallel Compilation                     ;
+----------------------------+-------------+
; Processors                 ; Number      ;
+----------------------------+-------------+
; Number detected on machine ; 12          ;
; Maximum allowed            ; 12          ;
;                            ;             ;
; Average used               ; 1.00        ;
; Maximum used               ; 12          ;
;                            ;             ;
; Usage by Processor         ; % Time Used ;
;     Processor 1            ; 100.0%      ;
;     Processors 2-12        ;   0.0%      ;
+----------------------------+-------------+


+------------------------------------------------------------------------------------------------------------------------------------------------------------------------------+
; Analysis & Synthesis Source Files Read                                                                                                                                       ;
+----------------------------------+-----------------+------------------------------+--------------------------------------------------------------------------------+---------+
; File Name with User-Entered Path ; Used in Netlist ; File Type                    ; File Name with Absolute Path                                                   ; Library ;
+----------------------------------+-----------------+------------------------------+--------------------------------------------------------------------------------+---------+
; top.sv                           ; yes             ; User SystemVerilog HDL File  ; D:/Quartus_Projects/RTL/Graduate_Project/fpga/Workspace/fp32_uart_rx_tx/top.sv ;         ;
+----------------------------------+-----------------+------------------------------+--------------------------------------------------------------------------------+---------+


+-----------------------------------------------------------+
; Analysis & Synthesis Resource Usage Summary               ;
+---------------------------------------------+-------------+
; Resource                                    ; Usage       ;
+---------------------------------------------+-------------+
; Estimated Total logic elements              ; 171         ;
;                                             ;             ;
; Total combinational functions               ; 130         ;
; Logic element usage by number of LUT inputs ;             ;
;     -- 4 input functions                    ; 44          ;
;     -- 3 input functions                    ; 6           ;
;     -- <=2 input functions                  ; 80          ;
;                                             ;             ;
; Logic elements by mode                      ;             ;
;     -- normal mode                          ; 61          ;
;     -- arithmetic mode                      ; 69          ;
;                                             ;             ;
; Total registers                             ; 122         ;
;     -- Dedicated logic registers            ; 122         ;
;     -- I/O registers                        ; 0           ;
;                                             ;             ;
; I/O pins                                    ; 4           ;
;                                             ;             ;
; Embedded Multiplier 9-bit elements          ; 0           ;
;                                             ;             ;
; Maximum fan-out node                        ; CLK_I~input ;
; Maximum fan-out                             ; 122         ;
; Total fan-out                               ; 867         ;
; Average fan-out                             ; 3.33        ;
+---------------------------------------------+-------------+


+-------------------------------------------------------------------------------------------------------------------------------------------------------------------------------------------------------------------------------------+
; Analysis & Synthesis Resource Utilization by Entity                                                                                                                                                                                 ;
+------------------------------+---------------------+---------------------------+-------------+--------------+---------+-----------+------+--------------+------------------------------------------+-----------------+--------------+
; Compilation Hierarchy Node   ; Combinational ALUTs ; Dedicated Logic Registers ; Memory Bits ; DSP Elements ; DSP 9x9 ; DSP 18x18 ; Pins ; Virtual Pins ; Full Hierarchy Name                      ; Entity Name     ; Library Name ;
+------------------------------+---------------------+---------------------------+-------------+--------------+---------+-----------+------+--------------+------------------------------------------+-----------------+--------------+
; |fp32_uart_rx_tx             ; 130 (0)             ; 122 (0)                   ; 0           ; 0            ; 0       ; 0         ; 4    ; 0            ; |fp32_uart_rx_tx                         ; fp32_uart_rx_tx ; work         ;
;    |fp32_uart_rx:My_UART_Rx| ; 79 (79)             ; 46 (46)                   ; 0           ; 0            ; 0       ; 0         ; 0    ; 0            ; |fp32_uart_rx_tx|fp32_uart_rx:My_UART_Rx ; fp32_uart_rx    ; work         ;
;    |fp32_uart_tx:My_UART_Tx| ; 51 (51)             ; 76 (76)                   ; 0           ; 0            ; 0       ; 0         ; 0    ; 0            ; |fp32_uart_rx_tx|fp32_uart_tx:My_UART_Tx ; fp32_uart_tx    ; work         ;
+------------------------------+---------------------+---------------------------+-------------+--------------+---------+-----------+------+--------------+------------------------------------------+-----------------+--------------+
Note: For table entries with two numbers listed, the numbers in parentheses indicate the number of resources of the given type used by the specific entity alone. The numbers listed outside of parentheses indicate the total resources of the given type used by the specific entity and all of its sub-entities in the hierarchy.


Encoding Type:  One-Hot
+--------------------------------------------------------------------------------------------------------------------------------------------------------------------------------------------------------------------------------------------------------------------------------------------------------------------------------------------------------------------------------------------------------------------------------------------------------------------------------------------------------------------------------------------------------------------------------------------------------------------------------------------------------------------------------------------------------------------------------------------------------------------------------------------------------------------------------------------------------------+
; State Machine - |fp32_uart_rx_tx|fp32_uart_tx:My_UART_Tx|tx_state                                                                                                                                                                                                                                                                                                                                                                                                                                                                                                                                                                                                                                                                                                                                                                                            ;
+--------------------+-------------------+-----------------+-----------------+-----------------+-----------------+-----------------+-----------------+-----------------+-----------------+--------------------+-------------------+-------------------+-----------------+-----------------+-----------------+-----------------+-----------------+-----------------+-----------------+-----------------+--------------------+-------------------+-------------------+-----------------+-----------------+-----------------+-----------------+-----------------+-----------------+----------------+----------------+--------------------+-------------------+-------------------+----------------+----------------+----------------+----------------+----------------+----------------+----------------+----------------+--------------------+-------------------+
; Name               ; tx_state.STOP3_ST ; tx_state.D31_ST ; tx_state.D30_ST ; tx_state.D29_ST ; tx_state.D28_ST ; tx_state.D27_ST ; tx_state.D26_ST ; tx_state.D25_ST ; tx_state.D24_ST ; tx_state.START3_ST ; tx_state.IDLE3_ST ; tx_state.STOP2_ST ; tx_state.D23_ST ; tx_state.D22_ST ; tx_state.D21_ST ; tx_state.D20_ST ; tx_state.D19_ST ; tx_state.D18_ST ; tx_state.D17_ST ; tx_state.D16_ST ; tx_state.START2_ST ; tx_state.IDLE2_ST ; tx_state.STOP1_ST ; tx_state.D15_ST ; tx_state.D14_ST ; tx_state.D13_ST ; tx_state.D12_ST ; tx_state.D11_ST ; tx_state.D10_ST ; tx_state.D9_ST ; tx_state.D8_ST ; tx_state.START1_ST ; tx_state.IDLE1_ST ; tx_state.STOP0_ST ; tx_state.D7_ST ; tx_state.D6_ST ; tx_state.D5_ST ; tx_state.D4_ST ; tx_state.D3_ST ; tx_state.D2_ST ; tx_state.D1_ST ; tx_state.D0_ST ; tx_state.START0_ST ; tx_state.IDLE0_ST ;
+--------------------+-------------------+-----------------+-----------------+-----------------+-----------------+-----------------+-----------------+-----------------+-----------------+--------------------+-------------------+-------------------+-----------------+-----------------+-----------------+-----------------+-----------------+-----------------+-----------------+-----------------+--------------------+-------------------+-------------------+-----------------+-----------------+-----------------+-----------------+-----------------+-----------------+----------------+----------------+--------------------+-------------------+-------------------+----------------+----------------+----------------+----------------+----------------+----------------+----------------+----------------+--------------------+-------------------+
; tx_state.IDLE0_ST  ; 0                 ; 0               ; 0               ; 0               ; 0               ; 0               ; 0               ; 0               ; 0               ; 0                  ; 0                 ; 0                 ; 0               ; 0               ; 0               ; 0               ; 0               ; 0               ; 0               ; 0               ; 0                  ; 0                 ; 0                 ; 0               ; 0               ; 0               ; 0               ; 0               ; 0               ; 0              ; 0              ; 0                  ; 0                 ; 0                 ; 0              ; 0              ; 0              ; 0              ; 0              ; 0              ; 0              ; 0              ; 0                  ; 0                 ;
; tx_state.START0_ST ; 0                 ; 0               ; 0               ; 0               ; 0               ; 0               ; 0               ; 0               ; 0               ; 0                  ; 0                 ; 0                 ; 0               ; 0               ; 0               ; 0               ; 0               ; 0               ; 0               ; 0               ; 0                  ; 0                 ; 0                 ; 0               ; 0               ; 0               ; 0               ; 0               ; 0               ; 0              ; 0              ; 0                  ; 0                 ; 0                 ; 0              ; 0              ; 0              ; 0              ; 0              ; 0              ; 0              ; 0              ; 1                  ; 1                 ;
; tx_state.D0_ST     ; 0                 ; 0               ; 0               ; 0               ; 0               ; 0               ; 0               ; 0               ; 0               ; 0                  ; 0                 ; 0                 ; 0               ; 0               ; 0               ; 0               ; 0               ; 0               ; 0               ; 0               ; 0                  ; 0                 ; 0                 ; 0               ; 0               ; 0               ; 0               ; 0               ; 0               ; 0              ; 0              ; 0                  ; 0                 ; 0                 ; 0              ; 0              ; 0              ; 0              ; 0              ; 0              ; 0              ; 1              ; 0                  ; 1                 ;
; tx_state.D1_ST     ; 0                 ; 0               ; 0               ; 0               ; 0               ; 0               ; 0               ; 0               ; 0               ; 0                  ; 0                 ; 0                 ; 0               ; 0               ; 0               ; 0               ; 0               ; 0               ; 0               ; 0               ; 0                  ; 0                 ; 0                 ; 0               ; 0               ; 0               ; 0               ; 0               ; 0               ; 0              ; 0              ; 0                  ; 0                 ; 0                 ; 0              ; 0              ; 0              ; 0              ; 0              ; 0              ; 1              ; 0              ; 0                  ; 1                 ;
; tx_state.D2_ST     ; 0                 ; 0               ; 0               ; 0               ; 0               ; 0               ; 0               ; 0               ; 0               ; 0                  ; 0                 ; 0                 ; 0               ; 0               ; 0               ; 0               ; 0               ; 0               ; 0               ; 0               ; 0                  ; 0                 ; 0                 ; 0               ; 0               ; 0               ; 0               ; 0               ; 0               ; 0              ; 0              ; 0                  ; 0                 ; 0                 ; 0              ; 0              ; 0              ; 0              ; 0              ; 1              ; 0              ; 0              ; 0                  ; 1                 ;
; tx_state.D3_ST     ; 0                 ; 0               ; 0               ; 0               ; 0               ; 0               ; 0               ; 0               ; 0               ; 0                  ; 0                 ; 0                 ; 0               ; 0               ; 0               ; 0               ; 0               ; 0               ; 0               ; 0               ; 0                  ; 0                 ; 0                 ; 0               ; 0               ; 0               ; 0               ; 0               ; 0               ; 0              ; 0              ; 0                  ; 0                 ; 0                 ; 0              ; 0              ; 0              ; 0              ; 1              ; 0              ; 0              ; 0              ; 0                  ; 1                 ;
; tx_state.D4_ST     ; 0                 ; 0               ; 0               ; 0               ; 0               ; 0               ; 0               ; 0               ; 0               ; 0                  ; 0                 ; 0                 ; 0               ; 0               ; 0               ; 0               ; 0               ; 0               ; 0               ; 0               ; 0                  ; 0                 ; 0                 ; 0               ; 0               ; 0               ; 0               ; 0               ; 0               ; 0              ; 0              ; 0                  ; 0                 ; 0                 ; 0              ; 0              ; 0              ; 1              ; 0              ; 0              ; 0              ; 0              ; 0                  ; 1                 ;
; tx_state.D5_ST     ; 0                 ; 0               ; 0               ; 0               ; 0               ; 0               ; 0               ; 0               ; 0               ; 0                  ; 0                 ; 0                 ; 0               ; 0               ; 0               ; 0               ; 0               ; 0               ; 0               ; 0               ; 0                  ; 0                 ; 0                 ; 0               ; 0               ; 0               ; 0               ; 0               ; 0               ; 0              ; 0              ; 0                  ; 0                 ; 0                 ; 0              ; 0              ; 1              ; 0              ; 0              ; 0              ; 0              ; 0              ; 0                  ; 1                 ;
; tx_state.D6_ST     ; 0                 ; 0               ; 0               ; 0               ; 0               ; 0               ; 0               ; 0               ; 0               ; 0                  ; 0                 ; 0                 ; 0               ; 0               ; 0               ; 0               ; 0               ; 0               ; 0               ; 0               ; 0                  ; 0                 ; 0                 ; 0               ; 0               ; 0               ; 0               ; 0               ; 0               ; 0              ; 0              ; 0                  ; 0                 ; 0                 ; 0              ; 1              ; 0              ; 0              ; 0              ; 0              ; 0              ; 0              ; 0                  ; 1                 ;
; tx_state.D7_ST     ; 0                 ; 0               ; 0               ; 0               ; 0               ; 0               ; 0               ; 0               ; 0               ; 0                  ; 0                 ; 0                 ; 0               ; 0               ; 0               ; 0               ; 0               ; 0               ; 0               ; 0               ; 0                  ; 0                 ; 0                 ; 0               ; 0               ; 0               ; 0               ; 0               ; 0               ; 0              ; 0              ; 0                  ; 0                 ; 0                 ; 1              ; 0              ; 0              ; 0              ; 0              ; 0              ; 0              ; 0              ; 0                  ; 1                 ;
; tx_state.STOP0_ST  ; 0                 ; 0               ; 0               ; 0               ; 0               ; 0               ; 0               ; 0               ; 0               ; 0                  ; 0                 ; 0                 ; 0               ; 0               ; 0               ; 0               ; 0               ; 0               ; 0               ; 0               ; 0                  ; 0                 ; 0                 ; 0               ; 0               ; 0               ; 0               ; 0               ; 0               ; 0              ; 0              ; 0                  ; 0                 ; 1                 ; 0              ; 0              ; 0              ; 0              ; 0              ; 0              ; 0              ; 0              ; 0                  ; 1                 ;
; tx_state.IDLE1_ST  ; 0                 ; 0               ; 0               ; 0               ; 0               ; 0               ; 0               ; 0               ; 0               ; 0                  ; 0                 ; 0                 ; 0               ; 0               ; 0               ; 0               ; 0               ; 0               ; 0               ; 0               ; 0                  ; 0                 ; 0                 ; 0               ; 0               ; 0               ; 0               ; 0               ; 0               ; 0              ; 0              ; 0                  ; 1                 ; 0                 ; 0              ; 0              ; 0              ; 0              ; 0              ; 0              ; 0              ; 0              ; 0                  ; 1                 ;
; tx_state.START1_ST ; 0                 ; 0               ; 0               ; 0               ; 0               ; 0               ; 0               ; 0               ; 0               ; 0                  ; 0                 ; 0                 ; 0               ; 0               ; 0               ; 0               ; 0               ; 0               ; 0               ; 0               ; 0                  ; 0                 ; 0                 ; 0               ; 0               ; 0               ; 0               ; 0               ; 0               ; 0              ; 0              ; 1                  ; 0                 ; 0                 ; 0              ; 0              ; 0              ; 0              ; 0              ; 0              ; 0              ; 0              ; 0                  ; 1                 ;
; tx_state.D8_ST     ; 0                 ; 0               ; 0               ; 0               ; 0               ; 0               ; 0               ; 0               ; 0               ; 0                  ; 0                 ; 0                 ; 0               ; 0               ; 0               ; 0               ; 0               ; 0               ; 0               ; 0               ; 0                  ; 0                 ; 0                 ; 0               ; 0               ; 0               ; 0               ; 0               ; 0               ; 0              ; 1              ; 0                  ; 0                 ; 0                 ; 0              ; 0              ; 0              ; 0              ; 0              ; 0              ; 0              ; 0              ; 0                  ; 1                 ;
; tx_state.D9_ST     ; 0                 ; 0               ; 0               ; 0               ; 0               ; 0               ; 0               ; 0               ; 0               ; 0                  ; 0                 ; 0                 ; 0               ; 0               ; 0               ; 0               ; 0               ; 0               ; 0               ; 0               ; 0                  ; 0                 ; 0                 ; 0               ; 0               ; 0               ; 0               ; 0               ; 0               ; 1              ; 0              ; 0                  ; 0                 ; 0                 ; 0              ; 0              ; 0              ; 0              ; 0              ; 0              ; 0              ; 0              ; 0                  ; 1                 ;
; tx_state.D10_ST    ; 0                 ; 0               ; 0               ; 0               ; 0               ; 0               ; 0               ; 0               ; 0               ; 0                  ; 0                 ; 0                 ; 0               ; 0               ; 0               ; 0               ; 0               ; 0               ; 0               ; 0               ; 0                  ; 0                 ; 0                 ; 0               ; 0               ; 0               ; 0               ; 0               ; 1               ; 0              ; 0              ; 0                  ; 0                 ; 0                 ; 0              ; 0              ; 0              ; 0              ; 0              ; 0              ; 0              ; 0              ; 0                  ; 1                 ;
; tx_state.D11_ST    ; 0                 ; 0               ; 0               ; 0               ; 0               ; 0               ; 0               ; 0               ; 0               ; 0                  ; 0                 ; 0                 ; 0               ; 0               ; 0               ; 0               ; 0               ; 0               ; 0               ; 0               ; 0                  ; 0                 ; 0                 ; 0               ; 0               ; 0               ; 0               ; 1               ; 0               ; 0              ; 0              ; 0                  ; 0                 ; 0                 ; 0              ; 0              ; 0              ; 0              ; 0              ; 0              ; 0              ; 0              ; 0                  ; 1                 ;
; tx_state.D12_ST    ; 0                 ; 0               ; 0               ; 0               ; 0               ; 0               ; 0               ; 0               ; 0               ; 0                  ; 0                 ; 0                 ; 0               ; 0               ; 0               ; 0               ; 0               ; 0               ; 0               ; 0               ; 0                  ; 0                 ; 0                 ; 0               ; 0               ; 0               ; 1               ; 0               ; 0               ; 0              ; 0              ; 0                  ; 0                 ; 0                 ; 0              ; 0              ; 0              ; 0              ; 0              ; 0              ; 0              ; 0              ; 0                  ; 1                 ;
; tx_state.D13_ST    ; 0                 ; 0               ; 0               ; 0               ; 0               ; 0               ; 0               ; 0               ; 0               ; 0                  ; 0                 ; 0                 ; 0               ; 0               ; 0               ; 0               ; 0               ; 0               ; 0               ; 0               ; 0                  ; 0                 ; 0                 ; 0               ; 0               ; 1               ; 0               ; 0               ; 0               ; 0              ; 0              ; 0                  ; 0                 ; 0                 ; 0              ; 0              ; 0              ; 0              ; 0              ; 0              ; 0              ; 0              ; 0                  ; 1                 ;
; tx_state.D14_ST    ; 0                 ; 0               ; 0               ; 0               ; 0               ; 0               ; 0               ; 0               ; 0               ; 0                  ; 0                 ; 0                 ; 0               ; 0               ; 0               ; 0               ; 0               ; 0               ; 0               ; 0               ; 0                  ; 0                 ; 0                 ; 0               ; 1               ; 0               ; 0               ; 0               ; 0               ; 0              ; 0              ; 0                  ; 0                 ; 0                 ; 0              ; 0              ; 0              ; 0              ; 0              ; 0              ; 0              ; 0              ; 0                  ; 1                 ;
; tx_state.D15_ST    ; 0                 ; 0               ; 0               ; 0               ; 0               ; 0               ; 0               ; 0               ; 0               ; 0                  ; 0                 ; 0                 ; 0               ; 0               ; 0               ; 0               ; 0               ; 0               ; 0               ; 0               ; 0                  ; 0                 ; 0                 ; 1               ; 0               ; 0               ; 0               ; 0               ; 0               ; 0              ; 0              ; 0                  ; 0                 ; 0                 ; 0              ; 0              ; 0              ; 0              ; 0              ; 0              ; 0              ; 0              ; 0                  ; 1                 ;
; tx_state.STOP1_ST  ; 0                 ; 0               ; 0               ; 0               ; 0               ; 0               ; 0               ; 0               ; 0               ; 0                  ; 0                 ; 0                 ; 0               ; 0               ; 0               ; 0               ; 0               ; 0               ; 0               ; 0               ; 0                  ; 0                 ; 1                 ; 0               ; 0               ; 0               ; 0               ; 0               ; 0               ; 0              ; 0              ; 0                  ; 0                 ; 0                 ; 0              ; 0              ; 0              ; 0              ; 0              ; 0              ; 0              ; 0              ; 0                  ; 1                 ;
; tx_state.IDLE2_ST  ; 0                 ; 0               ; 0               ; 0               ; 0               ; 0               ; 0               ; 0               ; 0               ; 0                  ; 0                 ; 0                 ; 0               ; 0               ; 0               ; 0               ; 0               ; 0               ; 0               ; 0               ; 0                  ; 1                 ; 0                 ; 0               ; 0               ; 0               ; 0               ; 0               ; 0               ; 0              ; 0              ; 0                  ; 0                 ; 0                 ; 0              ; 0              ; 0              ; 0              ; 0              ; 0              ; 0              ; 0              ; 0                  ; 1                 ;
; tx_state.START2_ST ; 0                 ; 0               ; 0               ; 0               ; 0               ; 0               ; 0               ; 0               ; 0               ; 0                  ; 0                 ; 0                 ; 0               ; 0               ; 0               ; 0               ; 0               ; 0               ; 0               ; 0               ; 1                  ; 0                 ; 0                 ; 0               ; 0               ; 0               ; 0               ; 0               ; 0               ; 0              ; 0              ; 0                  ; 0                 ; 0                 ; 0              ; 0              ; 0              ; 0              ; 0              ; 0              ; 0              ; 0              ; 0                  ; 1                 ;
; tx_state.D16_ST    ; 0                 ; 0               ; 0               ; 0               ; 0               ; 0               ; 0               ; 0               ; 0               ; 0                  ; 0                 ; 0                 ; 0               ; 0               ; 0               ; 0               ; 0               ; 0               ; 0               ; 1               ; 0                  ; 0                 ; 0                 ; 0               ; 0               ; 0               ; 0               ; 0               ; 0               ; 0              ; 0              ; 0                  ; 0                 ; 0                 ; 0              ; 0              ; 0              ; 0              ; 0              ; 0              ; 0              ; 0              ; 0                  ; 1                 ;
; tx_state.D17_ST    ; 0                 ; 0               ; 0               ; 0               ; 0               ; 0               ; 0               ; 0               ; 0               ; 0                  ; 0                 ; 0                 ; 0               ; 0               ; 0               ; 0               ; 0               ; 0               ; 1               ; 0               ; 0                  ; 0                 ; 0                 ; 0               ; 0               ; 0               ; 0               ; 0               ; 0               ; 0              ; 0              ; 0                  ; 0                 ; 0                 ; 0              ; 0              ; 0              ; 0              ; 0              ; 0              ; 0              ; 0              ; 0                  ; 1                 ;
; tx_state.D18_ST    ; 0                 ; 0               ; 0               ; 0               ; 0               ; 0               ; 0               ; 0               ; 0               ; 0                  ; 0                 ; 0                 ; 0               ; 0               ; 0               ; 0               ; 0               ; 1               ; 0               ; 0               ; 0                  ; 0                 ; 0                 ; 0               ; 0               ; 0               ; 0               ; 0               ; 0               ; 0              ; 0              ; 0                  ; 0                 ; 0                 ; 0              ; 0              ; 0              ; 0              ; 0              ; 0              ; 0              ; 0              ; 0                  ; 1                 ;
; tx_state.D19_ST    ; 0                 ; 0               ; 0               ; 0               ; 0               ; 0               ; 0               ; 0               ; 0               ; 0                  ; 0                 ; 0                 ; 0               ; 0               ; 0               ; 0               ; 1               ; 0               ; 0               ; 0               ; 0                  ; 0                 ; 0                 ; 0               ; 0               ; 0               ; 0               ; 0               ; 0               ; 0              ; 0              ; 0                  ; 0                 ; 0                 ; 0              ; 0              ; 0              ; 0              ; 0              ; 0              ; 0              ; 0              ; 0                  ; 1                 ;
; tx_state.D20_ST    ; 0                 ; 0               ; 0               ; 0               ; 0               ; 0               ; 0               ; 0               ; 0               ; 0                  ; 0                 ; 0                 ; 0               ; 0               ; 0               ; 1               ; 0               ; 0               ; 0               ; 0               ; 0                  ; 0                 ; 0                 ; 0               ; 0               ; 0               ; 0               ; 0               ; 0               ; 0              ; 0              ; 0                  ; 0                 ; 0                 ; 0              ; 0              ; 0              ; 0              ; 0              ; 0              ; 0              ; 0              ; 0                  ; 1                 ;
; tx_state.D21_ST    ; 0                 ; 0               ; 0               ; 0               ; 0               ; 0               ; 0               ; 0               ; 0               ; 0                  ; 0                 ; 0                 ; 0               ; 0               ; 1               ; 0               ; 0               ; 0               ; 0               ; 0               ; 0                  ; 0                 ; 0                 ; 0               ; 0               ; 0               ; 0               ; 0               ; 0               ; 0              ; 0              ; 0                  ; 0                 ; 0                 ; 0              ; 0              ; 0              ; 0              ; 0              ; 0              ; 0              ; 0              ; 0                  ; 1                 ;
; tx_state.D22_ST    ; 0                 ; 0               ; 0               ; 0               ; 0               ; 0               ; 0               ; 0               ; 0               ; 0                  ; 0                 ; 0                 ; 0               ; 1               ; 0               ; 0               ; 0               ; 0               ; 0               ; 0               ; 0                  ; 0                 ; 0                 ; 0               ; 0               ; 0               ; 0               ; 0               ; 0               ; 0              ; 0              ; 0                  ; 0                 ; 0                 ; 0              ; 0              ; 0              ; 0              ; 0              ; 0              ; 0              ; 0              ; 0                  ; 1                 ;
; tx_state.D23_ST    ; 0                 ; 0               ; 0               ; 0               ; 0               ; 0               ; 0               ; 0               ; 0               ; 0                  ; 0                 ; 0                 ; 1               ; 0               ; 0               ; 0               ; 0               ; 0               ; 0               ; 0               ; 0                  ; 0                 ; 0                 ; 0               ; 0               ; 0               ; 0               ; 0               ; 0               ; 0              ; 0              ; 0                  ; 0                 ; 0                 ; 0              ; 0              ; 0              ; 0              ; 0              ; 0              ; 0              ; 0              ; 0                  ; 1                 ;
; tx_state.STOP2_ST  ; 0                 ; 0               ; 0               ; 0               ; 0               ; 0               ; 0               ; 0               ; 0               ; 0                  ; 0                 ; 1                 ; 0               ; 0               ; 0               ; 0               ; 0               ; 0               ; 0               ; 0               ; 0                  ; 0                 ; 0                 ; 0               ; 0               ; 0               ; 0               ; 0               ; 0               ; 0              ; 0              ; 0                  ; 0                 ; 0                 ; 0              ; 0              ; 0              ; 0              ; 0              ; 0              ; 0              ; 0              ; 0                  ; 1                 ;
; tx_state.IDLE3_ST  ; 0                 ; 0               ; 0               ; 0               ; 0               ; 0               ; 0               ; 0               ; 0               ; 0                  ; 1                 ; 0                 ; 0               ; 0               ; 0               ; 0               ; 0               ; 0               ; 0               ; 0               ; 0                  ; 0                 ; 0                 ; 0               ; 0               ; 0               ; 0               ; 0               ; 0               ; 0              ; 0              ; 0                  ; 0                 ; 0                 ; 0              ; 0              ; 0              ; 0              ; 0              ; 0              ; 0              ; 0              ; 0                  ; 1                 ;
; tx_state.START3_ST ; 0                 ; 0               ; 0               ; 0               ; 0               ; 0               ; 0               ; 0               ; 0               ; 1                  ; 0                 ; 0                 ; 0               ; 0               ; 0               ; 0               ; 0               ; 0               ; 0               ; 0               ; 0                  ; 0                 ; 0                 ; 0               ; 0               ; 0               ; 0               ; 0               ; 0               ; 0              ; 0              ; 0                  ; 0                 ; 0                 ; 0              ; 0              ; 0              ; 0              ; 0              ; 0              ; 0              ; 0              ; 0                  ; 1                 ;
; tx_state.D24_ST    ; 0                 ; 0               ; 0               ; 0               ; 0               ; 0               ; 0               ; 0               ; 1               ; 0                  ; 0                 ; 0                 ; 0               ; 0               ; 0               ; 0               ; 0               ; 0               ; 0               ; 0               ; 0                  ; 0                 ; 0                 ; 0               ; 0               ; 0               ; 0               ; 0               ; 0               ; 0              ; 0              ; 0                  ; 0                 ; 0                 ; 0              ; 0              ; 0              ; 0              ; 0              ; 0              ; 0              ; 0              ; 0                  ; 1                 ;
; tx_state.D25_ST    ; 0                 ; 0               ; 0               ; 0               ; 0               ; 0               ; 0               ; 1               ; 0               ; 0                  ; 0                 ; 0                 ; 0               ; 0               ; 0               ; 0               ; 0               ; 0               ; 0               ; 0               ; 0                  ; 0                 ; 0                 ; 0               ; 0               ; 0               ; 0               ; 0               ; 0               ; 0              ; 0              ; 0                  ; 0                 ; 0                 ; 0              ; 0              ; 0              ; 0              ; 0              ; 0              ; 0              ; 0              ; 0                  ; 1                 ;
; tx_state.D26_ST    ; 0                 ; 0               ; 0               ; 0               ; 0               ; 0               ; 1               ; 0               ; 0               ; 0                  ; 0                 ; 0                 ; 0               ; 0               ; 0               ; 0               ; 0               ; 0               ; 0               ; 0               ; 0                  ; 0                 ; 0                 ; 0               ; 0               ; 0               ; 0               ; 0               ; 0               ; 0              ; 0              ; 0                  ; 0                 ; 0                 ; 0              ; 0              ; 0              ; 0              ; 0              ; 0              ; 0              ; 0              ; 0                  ; 1                 ;
; tx_state.D27_ST    ; 0                 ; 0               ; 0               ; 0               ; 0               ; 1               ; 0               ; 0               ; 0               ; 0                  ; 0                 ; 0                 ; 0               ; 0               ; 0               ; 0               ; 0               ; 0               ; 0               ; 0               ; 0                  ; 0                 ; 0                 ; 0               ; 0               ; 0               ; 0               ; 0               ; 0               ; 0              ; 0              ; 0                  ; 0                 ; 0                 ; 0              ; 0              ; 0              ; 0              ; 0              ; 0              ; 0              ; 0              ; 0                  ; 1                 ;
; tx_state.D28_ST    ; 0                 ; 0               ; 0               ; 0               ; 1               ; 0               ; 0               ; 0               ; 0               ; 0                  ; 0                 ; 0                 ; 0               ; 0               ; 0               ; 0               ; 0               ; 0               ; 0               ; 0               ; 0                  ; 0                 ; 0                 ; 0               ; 0               ; 0               ; 0               ; 0               ; 0               ; 0              ; 0              ; 0                  ; 0                 ; 0                 ; 0              ; 0              ; 0              ; 0              ; 0              ; 0              ; 0              ; 0              ; 0                  ; 1                 ;
; tx_state.D29_ST    ; 0                 ; 0               ; 0               ; 1               ; 0               ; 0               ; 0               ; 0               ; 0               ; 0                  ; 0                 ; 0                 ; 0               ; 0               ; 0               ; 0               ; 0               ; 0               ; 0               ; 0               ; 0                  ; 0                 ; 0                 ; 0               ; 0               ; 0               ; 0               ; 0               ; 0               ; 0              ; 0              ; 0                  ; 0                 ; 0                 ; 0              ; 0              ; 0              ; 0              ; 0              ; 0              ; 0              ; 0              ; 0                  ; 1                 ;
; tx_state.D30_ST    ; 0                 ; 0               ; 1               ; 0               ; 0               ; 0               ; 0               ; 0               ; 0               ; 0                  ; 0                 ; 0                 ; 0               ; 0               ; 0               ; 0               ; 0               ; 0               ; 0               ; 0               ; 0                  ; 0                 ; 0                 ; 0               ; 0               ; 0               ; 0               ; 0               ; 0               ; 0              ; 0              ; 0                  ; 0                 ; 0                 ; 0              ; 0              ; 0              ; 0              ; 0              ; 0              ; 0              ; 0              ; 0                  ; 1                 ;
; tx_state.D31_ST    ; 0                 ; 1               ; 0               ; 0               ; 0               ; 0               ; 0               ; 0               ; 0               ; 0                  ; 0                 ; 0                 ; 0               ; 0               ; 0               ; 0               ; 0               ; 0               ; 0               ; 0               ; 0                  ; 0                 ; 0                 ; 0               ; 0               ; 0               ; 0               ; 0               ; 0               ; 0              ; 0              ; 0                  ; 0                 ; 0                 ; 0              ; 0              ; 0              ; 0              ; 0              ; 0              ; 0              ; 0              ; 0                  ; 1                 ;
; tx_state.STOP3_ST  ; 1                 ; 0               ; 0               ; 0               ; 0               ; 0               ; 0               ; 0               ; 0               ; 0                  ; 0                 ; 0                 ; 0               ; 0               ; 0               ; 0               ; 0               ; 0               ; 0               ; 0               ; 0                  ; 0                 ; 0                 ; 0               ; 0               ; 0               ; 0               ; 0               ; 0               ; 0              ; 0              ; 0                  ; 0                 ; 0                 ; 0              ; 0              ; 0              ; 0              ; 0              ; 0              ; 0              ; 0              ; 0                  ; 1                 ;
+--------------------+-------------------+-----------------+-----------------+-----------------+-----------------+-----------------+-----------------+-----------------+-----------------+--------------------+-------------------+-------------------+-----------------+-----------------+-----------------+-----------------+-----------------+-----------------+-----------------+-----------------+--------------------+-------------------+-------------------+-----------------+-----------------+-----------------+-----------------+-----------------+-----------------+----------------+----------------+--------------------+-------------------+-------------------+----------------+----------------+----------------+----------------+----------------+----------------+----------------+----------------+--------------------+-------------------+


Encoding Type:  One-Hot
+------------------------------------------------------------------------------------------------+
; State Machine - |fp32_uart_rx_tx|fp32_uart_rx:My_UART_Rx|rx_state                              ;
+----------------+---------------+---------------+----------------+--------------+---------------+
; Name           ; rx_state.STOP ; rx_state.DATA ; rx_state.START ; rx_state.000 ; rx_state.MORE ;
+----------------+---------------+---------------+----------------+--------------+---------------+
; rx_state.000   ; 0             ; 0             ; 0              ; 0            ; 0             ;
; rx_state.START ; 0             ; 0             ; 1              ; 1            ; 0             ;
; rx_state.DATA  ; 0             ; 1             ; 0              ; 1            ; 0             ;
; rx_state.STOP  ; 1             ; 0             ; 0              ; 1            ; 0             ;
; rx_state.MORE  ; 0             ; 0             ; 0              ; 1            ; 1             ;
+----------------+---------------+---------------+----------------+--------------+---------------+


+-------------------------------------------------------------+
; Registers Removed During Synthesis                          ;
+----------------------------------------+--------------------+
; Register name                          ; Reason for Removal ;
+----------------------------------------+--------------------+
; fp32_uart_tx:My_UART_Tx|tx_state~4     ; Lost fanout        ;
; fp32_uart_tx:My_UART_Tx|tx_state~5     ; Lost fanout        ;
; fp32_uart_tx:My_UART_Tx|tx_state~6     ; Lost fanout        ;
; fp32_uart_tx:My_UART_Tx|tx_state~7     ; Lost fanout        ;
; fp32_uart_tx:My_UART_Tx|tx_state~8     ; Lost fanout        ;
; fp32_uart_tx:My_UART_Tx|tx_state~9     ; Lost fanout        ;
; fp32_uart_tx:My_UART_Tx|tx_state~10    ; Lost fanout        ;
; fp32_uart_tx:My_UART_Tx|tx_state~11    ; Lost fanout        ;
; fp32_uart_rx:My_UART_Rx|rx_state~4     ; Lost fanout        ;
; fp32_uart_rx:My_UART_Rx|rx_state~5     ; Lost fanout        ;
; Total Number of Removed Registers = 10 ;                    ;
+----------------------------------------+--------------------+


+------------------------------------------------------+
; General Register Statistics                          ;
+----------------------------------------------+-------+
; Statistic                                    ; Value ;
+----------------------------------------------+-------+
; Total registers                              ; 122   ;
; Number of registers using Synchronous Clear  ; 64    ;
; Number of registers using Synchronous Load   ; 0     ;
; Number of registers using Asynchronous Clear ; 90    ;
; Number of registers using Asynchronous Load  ; 0     ;
; Number of registers using Clock Enable       ; 113   ;
; Number of registers using Preset             ; 0     ;
+----------------------------------------------+-------+


+---------------------------------------------------------------------------------------------------------------------------------------------------------------------+
; Multiplexer Restructuring Statistics (Restructuring Performed)                                                                                                      ;
+--------------------+-----------+---------------+----------------------+------------------------+------------+-------------------------------------------------------+
; Multiplexer Inputs ; Bus Width ; Baseline Area ; Area if Restructured ; Saving if Restructured ; Registered ; Example Multiplexer Output                            ;
+--------------------+-----------+---------------+----------------------+------------------------+------------+-------------------------------------------------------+
; 7:1                ; 32 bits   ; 128 LEs       ; 32 LEs               ; 96 LEs                 ; Yes        ; |fp32_uart_rx_tx|fp32_uart_rx:My_UART_Rx|clk_cnt[6]   ;
; 5:1                ; 32 bits   ; 96 LEs        ; 32 LEs               ; 64 LEs                 ; Yes        ; |fp32_uart_rx_tx|fp32_uart_tx:My_UART_Tx|clk_cnt[29]  ;
; 3:1                ; 8 bits    ; 16 LEs        ; 16 LEs               ; 0 LEs                  ; No         ; |fp32_uart_rx_tx|fp32_uart_rx:My_UART_Rx|received_bit ;
+--------------------+-----------+---------------+----------------------+------------------------+------------+-------------------------------------------------------+


+----------------------------------------------------------------------+
; Parameter Settings for User Entity Instance: fp32_uart_tx:My_UART_Tx ;
+----------------+----------------------------------+------------------+
; Parameter Name ; Value                            ; Type             ;
+----------------+----------------------------------+------------------+
; BAUD_RATE      ; 00000000000000011100001000000000 ; Unsigned Binary  ;
; IDLE0_ST       ; 0                                ; Signed Integer   ;
; START0_ST      ; 1                                ; Signed Integer   ;
; D0_ST          ; 2                                ; Signed Integer   ;
; D1_ST          ; 3                                ; Signed Integer   ;
; D2_ST          ; 4                                ; Signed Integer   ;
; D3_ST          ; 5                                ; Signed Integer   ;
; D4_ST          ; 6                                ; Signed Integer   ;
; D5_ST          ; 7                                ; Signed Integer   ;
; D6_ST          ; 8                                ; Signed Integer   ;
; D7_ST          ; 9                                ; Signed Integer   ;
; STOP0_ST       ; 10                               ; Signed Integer   ;
; IDLE1_ST       ; 11                               ; Signed Integer   ;
; START1_ST      ; 12                               ; Signed Integer   ;
; D8_ST          ; 13                               ; Signed Integer   ;
; D9_ST          ; 14                               ; Signed Integer   ;
; D10_ST         ; 15                               ; Signed Integer   ;
; D11_ST         ; 16                               ; Signed Integer   ;
; D12_ST         ; 17                               ; Signed Integer   ;
; D13_ST         ; 18                               ; Signed Integer   ;
; D14_ST         ; 19                               ; Signed Integer   ;
; D15_ST         ; 20                               ; Signed Integer   ;
; STOP1_ST       ; 21                               ; Signed Integer   ;
; IDLE2_ST       ; 22                               ; Signed Integer   ;
; START2_ST      ; 23                               ; Signed Integer   ;
; D16_ST         ; 24                               ; Signed Integer   ;
; D17_ST         ; 25                               ; Signed Integer   ;
; D18_ST         ; 26                               ; Signed Integer   ;
; D19_ST         ; 27                               ; Signed Integer   ;
; D20_ST         ; 28                               ; Signed Integer   ;
; D21_ST         ; 29                               ; Signed Integer   ;
; D22_ST         ; 30                               ; Signed Integer   ;
; D23_ST         ; 31                               ; Signed Integer   ;
; STOP2_ST       ; 32                               ; Signed Integer   ;
; IDLE3_ST       ; 33                               ; Signed Integer   ;
; START3_ST      ; 34                               ; Signed Integer   ;
; D24_ST         ; 35                               ; Signed Integer   ;
; D25_ST         ; 36                               ; Signed Integer   ;
; D26_ST         ; 37                               ; Signed Integer   ;
; D27_ST         ; 38                               ; Signed Integer   ;
; D28_ST         ; 39                               ; Signed Integer   ;
; D29_ST         ; 40                               ; Signed Integer   ;
; D30_ST         ; 41                               ; Signed Integer   ;
; D31_ST         ; 42                               ; Signed Integer   ;
; STOP3_ST       ; 43                               ; Signed Integer   ;
+----------------+----------------------------------+------------------+
Note: In order to hide this table in the UI and the text report file, please set the "Show Parameter Settings in Synthesis Report" option in "Analysis and Synthesis Settings -> More Settings" to "Off".


+-----------------------------------------------------------------------------------------------------------------------------+
; Port Connectivity Checks: "fp32_uart_rx:My_UART_Rx"                                                                         ;
+-------------------+--------+----------+-------------------------------------------------------------------------------------+
; Port              ; Type   ; Severity ; Details                                                                             ;
+-------------------+--------+----------+-------------------------------------------------------------------------------------+
; Mac_READY_I       ; Input  ; Info     ; Stuck at VCC                                                                        ;
; RX_DATA_O[95..32] ; Output ; Info     ; Connected to dangling logic. Logic that only feeds a dangling port will be removed. ;
+-------------------+--------+----------+-------------------------------------------------------------------------------------+


+-----------------------------------------------------+
; Post-Synthesis Netlist Statistics for Top Partition ;
+-----------------------+-----------------------------+
; Type                  ; Count                       ;
+-----------------------+-----------------------------+
; boundary_port         ; 4                           ;
; cycloneiii_ff         ; 122                         ;
;     CLR               ; 9                           ;
;     ENA CLR           ; 49                          ;
;     ENA CLR SCLR      ; 32                          ;
;     ENA SCLR          ; 32                          ;
; cycloneiii_lcell_comb ; 130                         ;
;     arith             ; 69                          ;
;         2 data inputs ; 69                          ;
;     normal            ; 61                          ;
;         1 data inputs ; 3                           ;
;         2 data inputs ; 8                           ;
;         3 data inputs ; 6                           ;
;         4 data inputs ; 44                          ;
;                       ;                             ;
; Max LUT depth         ; 5.00                        ;
; Average LUT depth     ; 3.10                        ;
+-----------------------+-----------------------------+


+-------------------------------+
; Elapsed Time Per Partition    ;
+----------------+--------------+
; Partition Name ; Elapsed Time ;
+----------------+--------------+
; Top            ; 00:00:00     ;
+----------------+--------------+


+-------------------------------+
; Analysis & Synthesis Messages ;
+-------------------------------+
Info: *******************************************************************
Info: Running Quartus Prime Analysis & Synthesis
    Info: Version 20.1.1 Build 720 11/11/2020 SJ Lite Edition
    Info: Processing started: Sun Oct 16 03:45:52 2022
Info: Command: quartus_map --read_settings_files=on --write_settings_files=off fp32_uart_rx_tx -c fp32_uart_rx_tx
Warning (18236): Number of processors has not been specified which may cause overloading on shared machines.  Set the global assignment NUM_PARALLEL_PROCESSORS in your QSF to an appropriate value for best performance.
Info (20030): Parallel compilation is enabled and will use 12 of the 12 processors detected
Info (12021): Found 3 design units, including 3 entities, in source file top.sv
    Info (12023): Found entity 1: fp32_uart_rx File: D:/Quartus_Projects/RTL/Graduate_Project/fpga/Workspace/fp32_uart_rx_tx/top.sv Line: 3
    Info (12023): Found entity 2: fp32_uart_tx File: D:/Quartus_Projects/RTL/Graduate_Project/fpga/Workspace/fp32_uart_rx_tx/top.sv Line: 136
    Info (12023): Found entity 3: fp32_uart_rx_tx File: D:/Quartus_Projects/RTL/Graduate_Project/fpga/Workspace/fp32_uart_rx_tx/top.sv Line: 692
Info (12127): Elaborating entity "fp32_uart_rx_tx" for the top level hierarchy
Info (12128): Elaborating entity "fp32_uart_rx" for hierarchy "fp32_uart_rx:My_UART_Rx" File: D:/Quartus_Projects/RTL/Graduate_Project/fpga/Workspace/fp32_uart_rx_tx/top.sv Line: 711
Warning (10230): Verilog HDL assignment warning at top.sv(28): truncated value with size 32 to match size of target (8) File: D:/Quartus_Projects/RTL/Graduate_Project/fpga/Workspace/fp32_uart_rx_tx/top.sv Line: 28
Warning (10230): Verilog HDL assignment warning at top.sv(85): truncated value with size 32 to match size of target (8) File: D:/Quartus_Projects/RTL/Graduate_Project/fpga/Workspace/fp32_uart_rx_tx/top.sv Line: 85
Warning (10230): Verilog HDL assignment warning at top.sv(91): truncated value with size 32 to match size of target (8) File: D:/Quartus_Projects/RTL/Graduate_Project/fpga/Workspace/fp32_uart_rx_tx/top.sv Line: 91
Info (12128): Elaborating entity "fp32_uart_tx" for hierarchy "fp32_uart_tx:My_UART_Tx" File: D:/Quartus_Projects/RTL/Graduate_Project/fpga/Workspace/fp32_uart_rx_tx/top.sv Line: 720
Info (10264): Verilog HDL Case Statement information at top.sv(203): all case item expressions in this case statement are onehot File: D:/Quartus_Projects/RTL/Graduate_Project/fpga/Workspace/fp32_uart_rx_tx/top.sv Line: 203
Warning (10240): Verilog HDL Always Construct warning at top.sv(196): inferring latch(es) for variable "tx_data", which holds its previous value in one or more paths through the always construct File: D:/Quartus_Projects/RTL/Graduate_Project/fpga/Workspace/fp32_uart_rx_tx/top.sv Line: 196
Info (10041): Inferred latch for "tx_data[0]" at top.sv(203) File: D:/Quartus_Projects/RTL/Graduate_Project/fpga/Workspace/fp32_uart_rx_tx/top.sv Line: 203
Info (10041): Inferred latch for "tx_data[1]" at top.sv(203) File: D:/Quartus_Projects/RTL/Graduate_Project/fpga/Workspace/fp32_uart_rx_tx/top.sv Line: 203
Info (10041): Inferred latch for "tx_data[2]" at top.sv(203) File: D:/Quartus_Projects/RTL/Graduate_Project/fpga/Workspace/fp32_uart_rx_tx/top.sv Line: 203
Info (10041): Inferred latch for "tx_data[3]" at top.sv(203) File: D:/Quartus_Projects/RTL/Graduate_Project/fpga/Workspace/fp32_uart_rx_tx/top.sv Line: 203
Info (10041): Inferred latch for "tx_data[4]" at top.sv(203) File: D:/Quartus_Projects/RTL/Graduate_Project/fpga/Workspace/fp32_uart_rx_tx/top.sv Line: 203
Info (10041): Inferred latch for "tx_data[5]" at top.sv(203) File: D:/Quartus_Projects/RTL/Graduate_Project/fpga/Workspace/fp32_uart_rx_tx/top.sv Line: 203
Info (10041): Inferred latch for "tx_data[6]" at top.sv(203) File: D:/Quartus_Projects/RTL/Graduate_Project/fpga/Workspace/fp32_uart_rx_tx/top.sv Line: 203
Info (10041): Inferred latch for "tx_data[7]" at top.sv(203) File: D:/Quartus_Projects/RTL/Graduate_Project/fpga/Workspace/fp32_uart_rx_tx/top.sv Line: 203
Info (10041): Inferred latch for "tx_data[8]" at top.sv(203) File: D:/Quartus_Projects/RTL/Graduate_Project/fpga/Workspace/fp32_uart_rx_tx/top.sv Line: 203
Info (10041): Inferred latch for "tx_data[9]" at top.sv(203) File: D:/Quartus_Projects/RTL/Graduate_Project/fpga/Workspace/fp32_uart_rx_tx/top.sv Line: 203
Info (10041): Inferred latch for "tx_data[10]" at top.sv(203) File: D:/Quartus_Projects/RTL/Graduate_Project/fpga/Workspace/fp32_uart_rx_tx/top.sv Line: 203
Info (10041): Inferred latch for "tx_data[11]" at top.sv(203) File: D:/Quartus_Projects/RTL/Graduate_Project/fpga/Workspace/fp32_uart_rx_tx/top.sv Line: 203
Info (10041): Inferred latch for "tx_data[12]" at top.sv(203) File: D:/Quartus_Projects/RTL/Graduate_Project/fpga/Workspace/fp32_uart_rx_tx/top.sv Line: 203
Info (10041): Inferred latch for "tx_data[13]" at top.sv(203) File: D:/Quartus_Projects/RTL/Graduate_Project/fpga/Workspace/fp32_uart_rx_tx/top.sv Line: 203
Info (10041): Inferred latch for "tx_data[14]" at top.sv(203) File: D:/Quartus_Projects/RTL/Graduate_Project/fpga/Workspace/fp32_uart_rx_tx/top.sv Line: 203
Info (10041): Inferred latch for "tx_data[15]" at top.sv(203) File: D:/Quartus_Projects/RTL/Graduate_Project/fpga/Workspace/fp32_uart_rx_tx/top.sv Line: 203
Info (10041): Inferred latch for "tx_data[16]" at top.sv(203) File: D:/Quartus_Projects/RTL/Graduate_Project/fpga/Workspace/fp32_uart_rx_tx/top.sv Line: 203
Info (10041): Inferred latch for "tx_data[17]" at top.sv(203) File: D:/Quartus_Projects/RTL/Graduate_Project/fpga/Workspace/fp32_uart_rx_tx/top.sv Line: 203
Info (10041): Inferred latch for "tx_data[18]" at top.sv(203) File: D:/Quartus_Projects/RTL/Graduate_Project/fpga/Workspace/fp32_uart_rx_tx/top.sv Line: 203
Info (10041): Inferred latch for "tx_data[19]" at top.sv(203) File: D:/Quartus_Projects/RTL/Graduate_Project/fpga/Workspace/fp32_uart_rx_tx/top.sv Line: 203
Info (10041): Inferred latch for "tx_data[20]" at top.sv(203) File: D:/Quartus_Projects/RTL/Graduate_Project/fpga/Workspace/fp32_uart_rx_tx/top.sv Line: 203
Info (10041): Inferred latch for "tx_data[21]" at top.sv(203) File: D:/Quartus_Projects/RTL/Graduate_Project/fpga/Workspace/fp32_uart_rx_tx/top.sv Line: 203
Info (10041): Inferred latch for "tx_data[22]" at top.sv(203) File: D:/Quartus_Projects/RTL/Graduate_Project/fpga/Workspace/fp32_uart_rx_tx/top.sv Line: 203
Info (10041): Inferred latch for "tx_data[23]" at top.sv(203) File: D:/Quartus_Projects/RTL/Graduate_Project/fpga/Workspace/fp32_uart_rx_tx/top.sv Line: 203
Info (10041): Inferred latch for "tx_data[24]" at top.sv(203) File: D:/Quartus_Projects/RTL/Graduate_Project/fpga/Workspace/fp32_uart_rx_tx/top.sv Line: 203
Info (10041): Inferred latch for "tx_data[25]" at top.sv(203) File: D:/Quartus_Projects/RTL/Graduate_Project/fpga/Workspace/fp32_uart_rx_tx/top.sv Line: 203
Info (10041): Inferred latch for "tx_data[26]" at top.sv(203) File: D:/Quartus_Projects/RTL/Graduate_Project/fpga/Workspace/fp32_uart_rx_tx/top.sv Line: 203
Info (10041): Inferred latch for "tx_data[27]" at top.sv(203) File: D:/Quartus_Projects/RTL/Graduate_Project/fpga/Workspace/fp32_uart_rx_tx/top.sv Line: 203
Info (10041): Inferred latch for "tx_data[28]" at top.sv(203) File: D:/Quartus_Projects/RTL/Graduate_Project/fpga/Workspace/fp32_uart_rx_tx/top.sv Line: 203
Info (10041): Inferred latch for "tx_data[29]" at top.sv(203) File: D:/Quartus_Projects/RTL/Graduate_Project/fpga/Workspace/fp32_uart_rx_tx/top.sv Line: 203
Info (10041): Inferred latch for "tx_data[30]" at top.sv(203) File: D:/Quartus_Projects/RTL/Graduate_Project/fpga/Workspace/fp32_uart_rx_tx/top.sv Line: 203
Info (10041): Inferred latch for "tx_data[31]" at top.sv(203) File: D:/Quartus_Projects/RTL/Graduate_Project/fpga/Workspace/fp32_uart_rx_tx/top.sv Line: 203
Info (286030): Timing-Driven Synthesis is running
Info (17049): 10 registers lost all their fanouts during netlist optimizations.
Info (16010): Generating hard_block partition "hard_block:auto_generated_inst"
    Info (16011): Adding 0 node(s), including 0 DDIO, 0 PLL, 0 transceiver and 0 LCELL
Info (21057): Implemented 176 device resources after synthesis - the final resource count might be different
    Info (21058): Implemented 3 input pins
    Info (21059): Implemented 1 output pins
    Info (21061): Implemented 172 logic cells
Info: Quartus Prime Analysis & Synthesis was successful. 0 errors, 5 warnings
    Info: Peak virtual memory: 4812 megabytes
    Info: Processing ended: Sun Oct 16 03:45:59 2022
    Info: Elapsed time: 00:00:07
    Info: Total CPU time (on all processors): 00:00:15


