------------------------------------------------------------
Timing Analyzer Summary
------------------------------------------------------------

Type  : Slow 1200mV 85C Model Setup 'RSTL_I'
Slack : -63.811
TNS   : -1960.982

Type  : Slow 1200mV 85C Model Setup 'my_pll|altpll_component|auto_generated|pll1|clk[0]'
Slack : -3.743
TNS   : -513.735

Type  : Slow 1200mV 85C Model Hold 'my_pll|altpll_component|auto_generated|pll1|clk[0]'
Slack : 0.432
TNS   : 0.000

Type  : Slow 1200mV 85C Model Hold 'RSTL_I'
Slack : 3.570
TNS   : 0.000

Type  : Slow 1200mV 85C Model Recovery 'my_pll|altpll_component|auto_generated|pll1|clk[0]'
Slack : -2.674
TNS   : -864.005

Type  : Slow 1200mV 85C Model Removal 'my_pll|altpll_component|auto_generated|pll1|clk[0]'
Slack : 1.476
TNS   : 0.000

Type  : Slow 1200mV 85C Model Minimum Pulse Width 'RSTL_I'
Slack : -3.000
TNS   : -3.000

Type  : Slow 1200mV 85C Model Minimum Pulse Width 'CLK_I'
Slack : 9.934
TNS   : 0.000

Type  : Slow 1200mV 85C Model Minimum Pulse Width 'my_pll|altpll_component|auto_generated|pll1|clk[0]'
Slack : 499.580
TNS   : 0.000

Type  : Slow 1200mV 0C Model Setup 'RSTL_I'
Slack : -60.195
TNS   : -1847.528

Type  : Slow 1200mV 0C Model Setup 'my_pll|altpll_component|auto_generated|pll1|clk[0]'
Slack : -3.309
TNS   : -446.849

Type  : Slow 1200mV 0C Model Hold 'my_pll|altpll_component|auto_generated|pll1|clk[0]'
Slack : 0.382
TNS   : 0.000

Type  : Slow 1200mV 0C Model Hold 'RSTL_I'
Slack : 3.376
TNS   : 0.000

Type  : Slow 1200mV 0C Model Recovery 'my_pll|altpll_component|auto_generated|pll1|clk[0]'
Slack : -2.285
TNS   : -722.059

Type  : Slow 1200mV 0C Model Removal 'my_pll|altpll_component|auto_generated|pll1|clk[0]'
Slack : 1.219
TNS   : 0.000

Type  : Slow 1200mV 0C Model Minimum Pulse Width 'RSTL_I'
Slack : -3.000
TNS   : -3.000

Type  : Slow 1200mV 0C Model Minimum Pulse Width 'CLK_I'
Slack : 9.943
TNS   : 0.000

Type  : Slow 1200mV 0C Model Minimum Pulse Width 'my_pll|altpll_component|auto_generated|pll1|clk[0]'
Slack : 499.611
TNS   : 0.000

Type  : Fast 1200mV 0C Model Setup 'RSTL_I'
Slack : -27.265
TNS   : -835.576

Type  : Fast 1200mV 0C Model Setup 'my_pll|altpll_component|auto_generated|pll1|clk[0]'
Slack : -1.919
TNS   : -246.873

Type  : Fast 1200mV 0C Model Hold 'my_pll|altpll_component|auto_generated|pll1|clk[0]'
Slack : 0.178
TNS   : 0.000

Type  : Fast 1200mV 0C Model Hold 'RSTL_I'
Slack : 1.335
TNS   : 0.000

Type  : Fast 1200mV 0C Model Recovery 'my_pll|altpll_component|auto_generated|pll1|clk[0]'
Slack : -1.459
TNS   : -492.788

Type  : Fast 1200mV 0C Model Removal 'my_pll|altpll_component|auto_generated|pll1|clk[0]'
Slack : 0.751
TNS   : 0.000

Type  : Fast 1200mV 0C Model Minimum Pulse Width 'RSTL_I'
Slack : -3.000
TNS   : -3.000

Type  : Fast 1200mV 0C Model Minimum Pulse Width 'CLK_I'
Slack : 9.594
TNS   : 0.000

Type  : Fast 1200mV 0C Model Minimum Pulse Width 'my_pll|altpll_component|auto_generated|pll1|clk[0]'
Slack : 499.768
TNS   : 0.000

------------------------------------------------------------
